// Jest Snapshot v1, https://goo.gl/fbAQLP

exports[`teste componente task renders correctly 1`] = `
<div>
  <div
    className="sc-bwzfXH dSEICL"
  >
    <h3>
      Tarefas
    </h3>
    <form>
      <div>
        <input
          label="Tarefa"
          name="text"
          onChange={[Function]}
          required={true}
          type="text"
          value=""
        />
      </div>
      <div
        className="sc-bxivhb fFUfNw"
      >
        <select
          name="day"
          onChange={[Function]}
          required={true}
        >
          <option
            disabled={true}
            selected={true}
            value=""
          >
            Dia da Semana
          </option>
          <option
            value="segunda"
          >
            Segunda-feira
          </option>
          <option
            value="terca"
          >
            Terça-feira
          </option>
          <option
            value="quarta"
          >
            Quarta-feira
          </option>
          <option
            value="quinta"
          >
            Quinta-feira
          </option>
          <option
            value="sexta"
          >
            Sexta-feira
          </option>
          <option
            value="sabado"
          >
            Sábado
          </option>
          <option
            value="domingo"
          >
            Domingo
          </option>
        </select>
      </div>
      <button
        onClick={[Function]}
        type="submit"
      >
        Criar Tarefa
      </button>
    </form>
    <div
      className="sc-bdVaJa eIffcY"
    >
      <div>
        <div>
          <h3>
            Segunda
          </h3>
        </div>
      </div>
      <div>
        <div>
          <h3>
            Terça
          </h3>
        </div>
      </div>
      <div>
        <div>
          <h3>
            Quarta
          </h3>
        </div>
      </div>
      <div>
        <div>
          <h3>
            Quinta
          </h3>
        </div>
      </div>
      <div>
        <div>
          <h3>
            Sexta
          </h3>
        </div>
      </div>
      <div>
        <div>
          <h3>
            Sabádo
          </h3>
        </div>
      </div>
      <div>
        <div>
          <h3>
            Domingo
          </h3>
        </div>
      </div>
    </div>
  </div>
</div>
`;
